00:00 +0: loading /Users/iml1s/Documents/mine/termux-flutter-ide/integration_test/ide_full_e2e_test.dart                                                                                               Running Gradle task 'assembleDebug'...                          00:01 +0: loading /Users/iml1s/Documents/mine/termux-flutter-ide/integration_test/ide_full_e2e_test.dart                                                                                               00:02 +0: loading /Users/iml1s/Documents/mine/termux-flutter-ide/integration_test/ide_full_e2e_test.dart                                                                                               00:03 +0: loading /Users/iml1s/Documents/mine/termux-flutter-ide/integration_test/ide_full_e2e_test.dart                                                                                               00:04 +0: loading /Users/iml1s/Documents/mine/termux-flutter-ide/integration_test/ide_full_e2e_test.dart                                                                                               00:05 +0: loading /Users/iml1s/Documents/mine/termux-flutter-ide/integration_test/ide_full_e2e_test.dart                                                                                               00:06 +0: loading /Users/iml1s/Documents/mine/termux-flutter-ide/integration_test/ide_full_e2e_test.dart                                                                                               00:07 +0: loading /Users/iml1s/Documents/mine/termux-flutter-ide/integration_test/ide_full_e2e_test.dart                                                                                               00:08 +0: loading /Users/iml1s/Documents/mine/termux-flutter-ide/integration_test/ide_full_e2e_test.dart                                                                                               00:09 +0: loading /Users/iml1s/Documents/mine/termux-flutter-ide/integration_test/ide_full_e2e_test.dart                                                                                               00:10 +0: loading /Users/iml1s/Documents/mine/termux-flutter-ide/integration_test/ide_full_e2e_test.dart                                                                                               00:11 +0: loading /Users/iml1s/Documents/mine/termux-flutter-ide/integration_test/ide_full_e2e_test.dart                                                                                               00:12 +0: loading /Users/iml1s/Documents/mine/termux-flutter-ide/integration_test/ide_full_e2e_test.dart                                                                                               00:13 +0: loading /Users/iml1s/Documents/mine/termux-flutter-ide/integration_test/ide_full_e2e_test.dart                                                                                               00:14 +0: loading /Users/iml1s/Documents/mine/termux-flutter-ide/integration_test/ide_full_e2e_test.dart                                                                                               00:15 +0: loading /Users/iml1s/Documents/mine/termux-flutter-ide/integration_test/ide_full_e2e_test.dart                                                                                               00:16 +0: loading /Users/iml1s/Documents/mine/termux-flutter-ide/integration_test/ide_full_e2e_test.dart                                                                                               00:17 +0: loading /Users/iml1s/Documents/mine/termux-flutter-ide/integration_test/ide_full_e2e_test.dart                                                                                                  16.7s
✓ Built build/app/outputs/flutter-apk/app-debug.apk
00:18 +0: loading /Users/iml1s/Documents/mine/termux-flutter-ide/integration_test/ide_full_e2e_test.dart                                                                                               Installing build/app/outputs/flutter-apk/app-debug.apk...       00:19 +0: loading /Users/iml1s/Documents/mine/termux-flutter-ide/integration_test/ide_full_e2e_test.dart                                                                                               00:20 +0: loading /Users/iml1s/Documents/mine/termux-flutter-ide/integration_test/ide_full_e2e_test.dart                                                                                               00:21 +0: loading /Users/iml1s/Documents/mine/termux-flutter-ide/integration_test/ide_full_e2e_test.dart                                                                                               00:22 +0: loading /Users/iml1s/Documents/mine/termux-flutter-ide/integration_test/ide_full_e2e_test.dart                                                                                                   3.9s
00:23 +0: loading /Users/iml1s/Documents/mine/termux-flutter-ide/integration_test/ide_full_e2e_test.dart                                                                                               00:24 +0: loading /Users/iml1s/Documents/mine/termux-flutter-ide/integration_test/ide_full_e2e_test.dart                                                                                               00:25 +0: loading /Users/iml1s/Documents/mine/termux-flutter-ide/integration_test/ide_full_e2e_test.dart                                                                                               00:25 +0: E2E: Open Folder and Run Project                                                                                                                                                             00:26 +0: E2E: Open Folder and Run Project                                                                                                                                                             00:26 +0: E2E: Open Folder and Run Project                                                                                                                                                             
SSHService: Initiating connection...
SSHService: Connecting to 127.0.0.1:8022 as u0_a1192...
Tap Drawer Menu
SSHService: Connected successfully on first try
Tap Open Folder
FileOperations: ls -la "/data/data/com.termux/files/home" result:
total 71
drwx------. 11 u0_a1192 u0_a1192 3452 Jan  2 05:19 .
drwxrwx--x.  4 u0_a1192 u0_a1192 3452 Dec 31 21:32 ..
-rw-------.  1 u0_a1192 u0_a1192   40 Jan  1 15:48 .bashrc
drwx------.  3 u0_a1192 u0_a1192 3452 Jan  1 16:01 .config
-rw-------.  1 u0_a1192 u0_a1192    0 Jan  1 16:01 .flutter
drwx------.  6 u0_a1192 u0_a1192 3452 Jan  1 16:00 .pub-cache
drwx------.  2 u0_a1192 u0_a1192 3452 Dec 31 21:37 .ssh
drwx------.  2 u0_a1192 u0_a1192 3452 Dec 31 21:32 .termux
-rw-------.  1 u0_a1192 u0_a1192   20 Dec 31 22:05 .termux_authinfo
-rw-------.  1 u0_a1192 u0_a1192  165 Jan  1 17:15 .wget-hsts
drwx------.  3 u0_a1192 u0_a1192 3452 Jan  1 11:02 flutter
-rwx------.  1 u0_a1192 u0_a1192 4437 Jan  1 15:33 install_termux_flutter.sh
-rw-------.  1 u0_a1192 u0_a1192 4491 Jan  1 17:10 install_test.sh
-rw-------.  1 u0_a1192 u0_a1192   17 Jan  1 10:13 test_file.txt
drwx------.  3 u0_a1192 u0_a1192 3452 Jan  1 10:00 test_git_repo
drwx------.  2 u0_a1192 u0_a1192 3452 Jan  2 05:19 test_project
drwx------.  2 u0_a1192 u0_a1192 3452 Jan  1 01:31 ttt
drwx------. 13 u0_a1192 u0_a1192 3452 Jan  1 17:02 verify_app

Select verify_app
FileOperations: ls -la "/data/data/com.termux/files/home/verify_app" result:
total 78
drwx------. 13 u0_a1192 u0_a1192 3452 Jan  1 17:02 .
drwx------. 11 u0_a1192 u0_a1192 3452 Jan  2 05:19 ..
drwx------.  4 u0_a1192 u0_a1192 3452 Jan  1 17:02 .dart_tool
-rw-------.  1 u0_a1192 u0_a1192  703 Jan  1 16:01 .gitignore
drwx------.  4 u0_a1192 u0_a1192 3452 Jan  1 16:01 .idea
-rw-------.  1 u0_a1192 u0_a1192 1713 Jan  1 16:01 .metadata
-rw-------.  1 u0_a1192 u0_a1192  553 Jan  1 16:01 README.md
-rw-------.  1 u0_a1192 u0_a1192 1420 Jan  1 16:01 analysis_options.yaml
drwx------.  4 u0_a1192 u0_a1192 3452 Jan  1 16:01 android
drwx------.  5 u0_a1192 u0_a1192 3452 Jan  1 17:02 build
drwx------.  7 u0_a1192 u0_a1192 3452 Jan  1 16:01 ios
drwx------.  2 u0_a1192 u0_a1192 3452 Jan  1 16:01 lib
drwx------.  4 u0_a1192 u0_a1192 3452 Jan  1 16:01 linux
drwx------.  7 u0_a1192 u0_a1192 3452 Jan  1 16:01 macos
-rw-------.  1 u0_a1192 u0_a1192 6076 Jan  1 16:01 pubspec.lock
-rw-------.  1 u0_a1192 u0_a1192 3837 Jan  1 16:01 pubspec.yaml
drwx------.  2 u0_a1192 u0_a1192 3452 Jan  1 16:01 test
-rw-------.  1 u0_a1192 u0_a1192  842 Jan  1 16:01 verify_app.iml
drwx------.  3 u0_a1192 u0_a1192 3452 Jan  1 16:01 web
drwx------.  4 u0_a1192 u0_a1192 3452 Jan  1 16:01 windows

Tap Select This Folder
FileOperations: ls -la "/data/data/com.termux/files/home/verify_app" result:
total 78
drwx------. 13 u0_a1192 u0_a1192 3452 Jan  1 17:02 .
drwx------. 11 u0_a1192 u0_a1192 3452 Jan  2 05:19 ..
drwx------.  4 u0_a1192 u0_a1192 3452 Jan  1 17:02 .dart_tool
-rw-------.  1 u0_a1192 u0_a1192  703 Jan  1 16:01 .gitignore
drwx------.  4 u0_a1192 u0_a1192 3452 Jan  1 16:01 .idea
-rw-------.  1 u0_a1192 u0_a1192 1713 Jan  1 16:01 .metadata
-rw-------.  1 u0_a1192 u0_a1192  553 Jan  1 16:01 README.md
-rw-------.  1 u0_a1192 u0_a1192 1420 Jan  1 16:01 analysis_options.yaml
drwx------.  4 u0_a1192 u0_a1192 3452 Jan  1 16:01 android
drwx------.  5 u0_a1192 u0_a1192 3452 Jan  1 17:02 build
drwx------.  7 u0_a1192 u0_a1192 3452 Jan  1 16:01 ios
drwx------.  2 u0_a1192 u0_a1192 3452 Jan  1 16:01 lib
drwx------.  4 u0_a1192 u0_a1192 3452 Jan  1 16:01 linux
drwx------.  7 u0_a1192 u0_a1192 3452 Jan  1 16:01 macos
-rw-------.  1 u0_a1192 u0_a1192 6076 Jan  1 16:01 pubspec.lock
-rw-------.  1 u0_a1192 u0_a1192 3837 Jan  1 16:01 pubspec.yaml
drwx------.  2 u0_a1192 u0_a1192 3452 Jan  1 16:01 test
-rw-------.  1 u0_a1192 u0_a1192  842 Jan  1 16:01 verify_app.iml
drwx------.  3 u0_a1192 u0_a1192 3452 Jan  1 16:01 web
drwx------.  4 u0_a1192 u0_a1192 3452 Jan  1 16:01 windows

Verify Project Loaded
Open Drawer again

Warning: A call to tap() with finder "Found 1 widget with key [<'main_drawer_button'>]: [
  IconButton-[<'main_drawer_button'>](disabled, disabled, dependencies: [InheritedCupertinoTheme, _InheritedTheme, _LocalizationsScope-[GlobalKey#edb5e]]),
]" derived an Offset (Offset(28.0, 54.7)) that would not hit test on the specified widget.
Maybe the widget is actually off-screen, or another widget is obscuring it, or the widget cannot receive pointer events.
The finder corresponds to this RenderBox: RenderSemanticsAnnotations#4cd5e
The hit test result at that offset is: HitTestResult(_RenderColoredBox#2527d@Offset(28.0, 54.7), RenderConstrainedBox#18376@Offset(28.0, 54.7), RenderMouseRegion#19d5a@Offset(28.0, 54.7), RenderSemanticsAnnotations#2b918@Offset(28.0, 54.7), _RenderSemanticsClipper#80673@Offset(28.0, 54.7), RenderPointerListener#01293@Offset(28.0, 54.7), RenderSemanticsGestureHandler#7cdeb@Offset(28.0, 54.7), RenderExcludeSemantics#42724@Offset(28.0, 54.7), RenderBlockSemantics#b2702@Offset(28.0, 54.7), RenderIgnorePointer#389fb@Offset(28.0, 54.7), RenderSemanticsAnnotations#7254b@Offset(28.0, 54.7), _RenderTheater#f8775@Offset(28.0, 54.7), RenderAbsorbPointer#e0591@Offset(28.0, 54.7), RenderPointerListener#c0010@Offset(28.0, 54.7), RenderSemanticsAnnotations#79824@Offset(28.0, 54.7), RenderSemanticsAnnotations#73826@Offset(28.0, 54.7), RenderTapRegionSurface#e2569@Offset(28.0, 54.7), RenderSemanticsAnnotations#5bef5@Offset(28.0, 54.7), RenderSemanticsAnnotations#30d3f@Offset(28.0, 54.7), RenderSemanticsAnnotations#653e2@Offset(28.0, 54.7), HitTestEntry<HitTestTarget>#53a4d(_ReusableRenderView#d5141), HitTestEntry<HitTestTarget>#9f1d0(<IntegrationTestWidgetsFlutterBinding>))
#0      WidgetController._getElementPoint (package:flutter_test/src/controller.dart:2081:25)
#1      WidgetController.getCenter (package:flutter_test/src/controller.dart:1865:12)
#2      WidgetController.tap (package:flutter_test/src/controller.dart:1045:7)
#3      main.<anonymous closure> (file:///Users/iml1s/Documents/mine/termux-flutter-ide/integration_test/ide_full_e2e_test.dart:66:18)
<asynchronous suspension>
#4      testWidgets.<anonymous closure>.<anonymous closure> (package:flutter_test/src/widget_tester.dart:192:15)
<asynchronous suspension>
#5      TestWidgetsFlutterBinding._runTestBody (package:flutter_test/src/binding.dart:1059:5)
<asynchronous suspension>
#6      StackZoneSpecification._registerCallback.<anonymous closure> (package:stack_trace/src/stack_zone_specification.dart:114:42)
<asynchronous suspension>
To silence this warning, pass "warnIfMissed: false" to "tap()".
To make this warning fatal, set WidgetController.hitTestWarningShouldBeFatal to true.

Tap Run Project in Drawer
══╡ EXCEPTION CAUGHT BY FLUTTER TEST FRAMEWORK ╞════════════════════════════════════════════════════
The following assertion was thrown running a test:
The finder "Found 0 widgets with key [<'drawer_run_project'>]: []" (used in a call to "tap()") could
not find any matching widgets.

When the exception was thrown, this was the stack:
#0      WidgetController._getElementPoint (package:flutter_test/src/controller.dart:2013:7)
#1      WidgetController.getCenter (package:flutter_test/src/controller.dart:1865:12)
#2      WidgetController.tap (package:flutter_test/src/controller.dart:1045:7)
#3      main.<anonymous closure> (file:///Users/iml1s/Documents/mine/termux-flutter-ide/integration_test/ide_full_e2e_test.dart:70:18)
<asynchronous suspension>
#4      testWidgets.<anonymous closure>.<anonymous closure> (package:flutter_test/src/widget_tester.dart:192:15)
<asynchronous suspension>
#5      TestWidgetsFlutterBinding._runTestBody (package:flutter_test/src/binding.dart:1059:5)
<asynchronous suspension>
<asynchronous suspension>
(elided one frame from package:stack_trace)

The test description was:
  E2E: Open Folder and Run Project
════════════════════════════════════════════════════════════════════════════════════════════════════
00:30 +0 -1: E2E: Open Folder and Run Project [E]                                                                                                                                                      
  Test failed. See exception logs above.
  The test description was: E2E: Open Folder and Run Project
  

To run this test again: /Users/iml1s/fvm/versions/3.38.5/bin/cache/dart-sdk/bin/dart test /Users/iml1s/Documents/mine/termux-flutter-ide/integration_test/ide_full_e2e_test.dart -p vm --plain-name 'E2E: Open Folder and Run Project'
00:30 +0 -1: (tearDownAll)                                                                                                                                                                             00:31 +0 -1: (tearDownAll)                                                                                                                                                                             00:31 +0 -1: Some tests failed.                                                                                                                                                                        
